[ 14%] Built target first_project_gencfg
[ 71%] Built target gpt_to_odom
[ 71%] Built target odom_to_tf
[ 85%] Building CXX object first_project/CMakeFiles/lidar_remap.dir/src/lidar_remap.cpp.o
/home/massi/catkin_ws/src/first_project/src/lidar_remap.cpp:10:5: error: ‘ris’ does not name a type; did you mean ‘ros’?
   10 |     ris::NodeHandle nh_private;
      |     ^~~
      |     ros
/home/massi/catkin_ws/src/first_project/src/lidar_remap.cpp:19:40: error: ‘first_project::parameters’ has not been declared
   19 |     void param_callback(first_project::parameters &config, uint32_t level) {
      |                                        ^~~~~~~~~~
/home/massi/catkin_ws/src/first_project/src/lidar_remap.cpp: In member function ‘void lidar_remap::param_callback(int&, uint32_t)’:
/home/massi/catkin_ws/src/first_project/src/lidar_remap.cpp:20:30: error: request for member ‘int_param’ in ‘config’, which is of non-class type ‘int’
   20 |         this->frame = config.int_param == 0 ? "wheel_odom" : "gps_odom";
      |                              ^~~~~~~~~
/home/massi/catkin_ws/src/first_project/src/lidar_remap.cpp: In member function ‘void lidar_remap::callback(const PointCloud2ConstPtr&)’:
/home/massi/catkin_ws/src/first_project/src/lidar_remap.cpp:24:9: error: ‘sensor_msg’ has not been declared
   24 |         sensor_msg::PointCloud2 new_msg = *msg;
      |         ^~~~~~~~~~
/home/massi/catkin_ws/src/first_project/src/lidar_remap.cpp:26:13: error: ‘const PointCloud2ConstPtr’ {aka ‘const class boost::shared_ptr<const sensor_msgs::PointCloud2_<std::allocator<void> > >’} has no member named ‘header’
   26 |         msg.header.frame_id = this->frame.c_str();
      |             ^~~~~~
/home/massi/catkin_ws/src/first_project/src/lidar_remap.cpp: In constructor ‘lidar_remap::lidar_remap()’:
/home/massi/catkin_ws/src/first_project/src/lidar_remap.cpp:29:21: error: class ‘lidar_remap’ does not have any field named ‘nh_private’
   29 |     lidar_remap() : nh_private("~") {
      |                     ^~~~~~~~~~
In file included from /usr/include/boost/bind.hpp:22,
                 from /opt/ros/noetic/include/ros/publisher.h:35,
                 from /opt/ros/noetic/include/ros/node_handle.h:32,
                 from /opt/ros/noetic/include/ros/ros.h:45,
                 from /home/massi/catkin_ws/src/first_project/src/lidar_remap.cpp:1:
/usr/include/boost/bind/bind.hpp: In instantiation of ‘void boost::_bi::list3<A1, A2, A3>::operator()(boost::_bi::type<void>, F&, A&, int) [with F = boost::_mfi::mf2<void, lidar_remap, int&, unsigned int>; A = boost::_bi::rrlist2<first_project::parametersConfig&, unsigned int>; A1 = boost::_bi::value<lidar_remap*>; A2 = boost::arg<1>; A3 = boost::arg<2>]’:
/usr/include/boost/bind/bind.hpp:1318:50:   required from ‘boost::_bi::bind_t<R, F, L>::result_type boost::_bi::bind_t<R, F, L>::operator()(A1&&, A2&&) [with A1 = first_project::parametersConfig&; A2 = unsigned int; R = void; F = boost::_mfi::mf2<void, lidar_remap, int&, unsigned int>; L = boost::_bi::list3<boost::_bi::value<lidar_remap*>, boost::arg<1>, boost::arg<2> >; boost::_bi::bind_t<R, F, L>::result_type = void]’
/usr/include/boost/function/function_template.hpp:158:11:   required from ‘static void boost::detail::function::void_function_obj_invoker2<FunctionObj, R, T0, T1>::invoke(boost::detail::function::function_buffer&, T0, T1) [with FunctionObj = boost::_bi::bind_t<void, boost::_mfi::mf2<void, lidar_remap, int&, unsigned int>, boost::_bi::list3<boost::_bi::value<lidar_remap*>, boost::arg<1>, boost::arg<2> > >; R = void; T0 = first_project::parametersConfig&; T1 = unsigned int]’
/usr/include/boost/function/function_template.hpp:931:38:   required from ‘void boost::function2<R, T1, T2>::assign_to(Functor) [with Functor = boost::_bi::bind_t<void, boost::_mfi::mf2<void, lidar_remap, int&, unsigned int>, boost::_bi::list3<boost::_bi::value<lidar_remap*>, boost::arg<1>, boost::arg<2> > >; R = void; T0 = first_project::parametersConfig&; T1 = unsigned int]’
/usr/include/boost/function/function_template.hpp:720:7:   required from ‘boost::function2<R, T1, T2>::function2(Functor, typename boost::enable_if_<(! boost::is_integral<Functor>::value), int>::type) [with Functor = boost::_bi::bind_t<void, boost::_mfi::mf2<void, lidar_remap, int&, unsigned int>, boost::_bi::list3<boost::_bi::value<lidar_remap*>, boost::arg<1>, boost::arg<2> > >; R = void; T0 = first_project::parametersConfig&; T1 = unsigned int; typename boost::enable_if_<(! boost::is_integral<Functor>::value), int>::type = int]’
/usr/include/boost/function/function_template.hpp:1068:16:   required from ‘boost::function<R(T0, T1)>::function(Functor, typename boost::enable_if_<(! boost::is_integral<Functor>::value), int>::type) [with Functor = boost::_bi::bind_t<void, boost::_mfi::mf2<void, lidar_remap, int&, unsigned int>, boost::_bi::list3<boost::_bi::value<lidar_remap*>, boost::arg<1>, boost::arg<2> > >; R = void; T0 = first_project::parametersConfig&; T1 = unsigned int; typename boost::enable_if_<(! boost::is_integral<Functor>::value), int>::type = int]’
/usr/include/boost/function/function_template.hpp:1121:5:   required from ‘typename boost::enable_if_<(! boost::is_integral<Functor>::value), boost::function<R(T0, T1)>&>::type boost::function<R(T0, T1)>::operator=(Functor) [with Functor = boost::_bi::bind_t<void, boost::_mfi::mf2<void, lidar_remap, int&, unsigned int>, boost::_bi::list3<boost::_bi::value<lidar_remap*>, boost::arg<1>, boost::arg<2> > >; R = void; T0 = first_project::parametersConfig&; T1 = unsigned int; typename boost::enable_if_<(! boost::is_integral<Functor>::value), boost::function<R(T0, T1)>&>::type = boost::function<void(first_project::parametersConfig&, unsigned int)>&]’
/home/massi/catkin_ws/src/first_project/src/lidar_remap.cpp:36:67:   required from here
/usr/include/boost/bind/bind.hpp:398:35: error: no match for call to ‘(boost::_mfi::mf2<void, lidar_remap, int&, unsigned int>) (lidar_remap*&, first_project::parametersConfig&, unsigned int)’
  398 |         unwrapper<F>::unwrap(f, 0)(a[base_type::a1_], a[base_type::a2_], a[base_type::a3_]);
      |         ~~~~~~~~~~~~~~~~~~~~~~~~~~^~~~~~~~~~~~~~~~~~~~~~~~~~~~~~~~~~~~~~~~~~~~~~~~~~~~~~~~~
In file included from /usr/include/boost/bind/mem_fn.hpp:215,
                 from /usr/include/boost/mem_fn.hpp:22,
                 from /usr/include/boost/function/detail/prologue.hpp:18,
                 from /usr/include/boost/function.hpp:30,
                 from /opt/ros/noetic/include/ros/forwards.h:40,
                 from /opt/ros/noetic/include/ros/common.h:37,
                 from /opt/ros/noetic/include/ros/ros.h:43,
                 from /home/massi/catkin_ws/src/first_project/src/lidar_remap.cpp:1:
/usr/include/boost/bind/mem_fn_template.hpp:278:7: note: candidate: ‘R boost::_mfi::mf2<R, T, A1, A2>::operator()(T*, A1, A2) const [with R = void; T = lidar_remap; A1 = int&; A2 = unsigned int]’
  278 |     R operator()(T * p, A1 a1, A2 a2) const
      |       ^~~~~~~~
/usr/include/boost/bind/mem_fn_template.hpp:278:28: note:   no known conversion for argument 2 from ‘first_project::parametersConfig’ to ‘int&’
  278 |     R operator()(T * p, A1 a1, A2 a2) const
      |                         ~~~^~
/usr/include/boost/bind/mem_fn_template.hpp:283:25: note: candidate: ‘template<class U> R boost::_mfi::mf2<R, T, A1, A2>::operator()(U&, A1, A2) const [with U = U; R = void; T = lidar_remap; A1 = int&; A2 = unsigned int]’
  283 |     template<class U> R operator()(U & u, A1 a1, A2 a2) const
      |                         ^~~~~~~~
/usr/include/boost/bind/mem_fn_template.hpp:283:25: note:   template argument deduction/substitution failed:
In file included from /usr/include/boost/bind.hpp:22,
                 from /opt/ros/noetic/include/ros/publisher.h:35,
                 from /opt/ros/noetic/include/ros/node_handle.h:32,
                 from /opt/ros/noetic/include/ros/ros.h:45,
                 from /home/massi/catkin_ws/src/first_project/src/lidar_remap.cpp:1:
/usr/include/boost/bind/bind.hpp:398:35: note:   cannot convert ‘(& a)->boost::_bi::rrlist2<first_project::parametersConfig&, unsigned int>::operator[](boost::_bi::storage2<boost::_bi::value<lidar_remap*>, boost::arg<1> >::a2_)’ (type ‘first_project::parametersConfig’) to type ‘int&’
  398 |         unwrapper<F>::unwrap(f, 0)(a[base_type::a1_], a[base_type::a2_], a[base_type::a3_]);
      |         ~~~~~~~~~~~~~~~~~~~~~~~~~~^~~~~~~~~~~~~~~~~~~~~~~~~~~~~~~~~~~~~~~~~~~~~~~~~~~~~~~~~
In file included from /usr/include/boost/bind/mem_fn.hpp:215,
                 from /usr/include/boost/mem_fn.hpp:22,
                 from /usr/include/boost/function/detail/prologue.hpp:18,
                 from /usr/include/boost/function.hpp:30,
                 from /opt/ros/noetic/include/ros/forwards.h:40,
                 from /opt/ros/noetic/include/ros/common.h:37,
                 from /opt/ros/noetic/include/ros/ros.h:43,
                 from /home/massi/catkin_ws/src/first_project/src/lidar_remap.cpp:1:
/usr/include/boost/bind/mem_fn_template.hpp:291:25: note: candidate: ‘template<class U> R boost::_mfi::mf2<R, T, A1, A2>::operator()(const U&, A1, A2) const [with U = U; R = void; T = lidar_remap; A1 = int&; A2 = unsigned int]’
  291 |     template<class U> R operator()(U const & u, A1 a1, A2 a2) const
      |                         ^~~~~~~~
/usr/include/boost/bind/mem_fn_template.hpp:291:25: note:   template argument deduction/substitution failed:
In file included from /usr/include/boost/bind.hpp:22,
                 from /opt/ros/noetic/include/ros/publisher.h:35,
                 from /opt/ros/noetic/include/ros/node_handle.h:32,
                 from /opt/ros/noetic/include/ros/ros.h:45,
                 from /home/massi/catkin_ws/src/first_project/src/lidar_remap.cpp:1:
/usr/include/boost/bind/bind.hpp:398:35: note:   cannot convert ‘(& a)->boost::_bi::rrlist2<first_project::parametersConfig&, unsigned int>::operator[](boost::_bi::storage2<boost::_bi::value<lidar_remap*>, boost::arg<1> >::a2_)’ (type ‘first_project::parametersConfig’) to type ‘int&’
  398 |         unwrapper<F>::unwrap(f, 0)(a[base_type::a1_], a[base_type::a2_], a[base_type::a3_]);
      |         ~~~~~~~~~~~~~~~~~~~~~~~~~~^~~~~~~~~~~~~~~~~~~~~~~~~~~~~~~~~~~~~~~~~~~~~~~~~~~~~~~~~
In file included from /usr/include/boost/bind/mem_fn.hpp:215,
                 from /usr/include/boost/mem_fn.hpp:22,
                 from /usr/include/boost/function/detail/prologue.hpp:18,
                 from /usr/include/boost/function.hpp:30,
                 from /opt/ros/noetic/include/ros/forwards.h:40,
                 from /opt/ros/noetic/include/ros/common.h:37,
                 from /opt/ros/noetic/include/ros/ros.h:43,
                 from /home/massi/catkin_ws/src/first_project/src/lidar_remap.cpp:1:
/usr/include/boost/bind/mem_fn_template.hpp:299:7: note: candidate: ‘R boost::_mfi::mf2<R, T, A1, A2>::operator()(T&, A1, A2) const [with R = void; T = lidar_remap; A1 = int&; A2 = unsigned int]’
  299 |     R operator()(T & t, A1 a1, A2 a2) const
      |       ^~~~~~~~
/usr/include/boost/bind/mem_fn_template.hpp:299:22: note:   no known conversion for argument 1 from ‘lidar_remap*’ to ‘lidar_remap&’
  299 |     R operator()(T & t, A1 a1, A2 a2) const
      |                  ~~~~^
make[2]: *** [first_project/CMakeFiles/lidar_remap.dir/build.make:63: first_project/CMakeFiles/lidar_remap.dir/src/lidar_remap.cpp.o] Error 1
make[1]: *** [CMakeFiles/Makefile2:1918: first_project/CMakeFiles/lidar_remap.dir/all] Error 2
make: *** [Makefile:141: all] Error 2
Base path: /home/massi/catkin_ws
Source space: /home/massi/catkin_ws/src
Build space: /home/massi/catkin_ws/build
Devel space: /home/massi/catkin_ws/devel
Install space: /home/massi/catkin_ws/install
####
#### Running command: "make cmake_check_build_system" in "/home/massi/catkin_ws/build"
####
####
#### Running command: "make -j8 -l8" in "/home/massi/catkin_ws/build"
####
Invoking "make -j8 -l8" failed
